// Jest Snapshot v1, https://goo.gl/fbAQLP

exports[`renders correctly 1`] = `
Object {
  "asFragment": [Function],
  "baseElement": <body>
    <div>
      <div
        class="MuiPaper-root MuiPaper-outlined MuiPaper-rounded MuiCard-root css-19b52s8-MuiPaper-root-MuiCard-root"
      >
        <div
          class="MuiBox-root css-1qm1lh"
        >
          <h6
            class="MuiTypography-root MuiTypography-h6 css-3grx0y-MuiTypography-root"
          >
            Connessione con nodo
          </h6>
        </div>
        <div
          class="MuiBox-root css-1qm1lh"
        >
          <p
            class="MuiTypography-root MuiTypography-body1 css-3c3y12-MuiTypography-root"
          >
            apiKeysPage.apiPresent.primaryApiKey
          </p>
          <div
            class="css-9jbana-MuiStack-root"
          >
            <div
              class="MuiBox-root css-yq76c3"
            >
              <p
                class="MuiTypography-root MuiTypography-body1 css-11o4oo8-MuiTypography-root"
              >
                XXXXXXXXXXXXXXXXXXXXXXXXXXXXXX
              </p>
            </div>
            <button
              aria-pressed="true"
              class="MuiButtonBase-root MuiToggleButton-root Mui-selected MuiToggleButton-sizeMedium MuiToggleButton-standard css-18a3qz2-MuiButtonBase-root-MuiToggleButton-root"
              tabindex="0"
              type="button"
              value="check"
            >
              <svg
                aria-hidden="true"
                class="MuiSvgIcon-root MuiSvgIcon-colorPrimary MuiSvgIcon-fontSizeMedium css-1l2o29s-MuiSvgIcon-root"
                data-testid="VisibilityIcon"
                focusable="false"
                viewBox="0 0 24 24"
              >
                <path
                  d="M12 4.5C7 4.5 2.73 7.61 1 12c1.73 4.39 6 7.5 11 7.5s9.27-3.11 11-7.5c-1.73-4.39-6-7.5-11-7.5zM12 17c-2.76 0-5-2.24-5-5s2.24-5 5-5 5 2.24 5 5-2.24 5-5 5zm0-8c-1.66 0-3 1.34-3 3s1.34 3 3 3 3-1.34 3-3-1.34-3-3-3z"
                />
              </svg>
              <span
                class="MuiTouchRipple-root css-8je8zh-MuiTouchRipple-root"
              />
            </button>
            <button
              class="MuiButton-root MuiButton-contained MuiButton-containedPrimary MuiButton-sizeMedium MuiButton-containedSizeMedium MuiButton-disableElevation MuiButtonBase-root  css-1ft2xoq-MuiButtonBase-root-MuiButton-root"
              tabindex="0"
              type="button"
            >
              apiKeysPage.apiPresent.useKeyBtn
              <span
                class="MuiTouchRipple-root css-8je8zh-MuiTouchRipple-root"
              />
            </button>
            <button
              class="MuiButton-root MuiButton-outlined MuiButton-outlinedPrimary MuiButton-sizeMedium MuiButton-outlinedSizeMedium MuiButton-disableElevation MuiButtonBase-root  css-19ja3ml-MuiButtonBase-root-MuiButton-root"
              tabindex="0"
              type="button"
            >
              apiKeysPage.apiPresent.regeneratesBtn
              <span
                class="MuiTouchRipple-root css-8je8zh-MuiTouchRipple-root"
              />
            </button>
          </div>
        </div>
        <div
          class="MuiBox-root css-0"
        >
          <p
            class="MuiTypography-root MuiTypography-body1 css-3c3y12-MuiTypography-root"
          >
            apiKeysPage.apiPresent.secondaryApiKey
          </p>
          <div
            class="css-9jbana-MuiStack-root"
          >
            <div
              class="MuiBox-root css-yq76c3"
            >
              <p
                class="MuiTypography-root MuiTypography-body1 css-11o4oo8-MuiTypography-root"
              >
                XXXXXXXXXXXXXXXXXXXXXXXXXXXXXX
              </p>
            </div>
            <button
              aria-pressed="true"
              class="MuiButtonBase-root MuiToggleButton-root Mui-selected MuiToggleButton-sizeMedium MuiToggleButton-standard css-18a3qz2-MuiButtonBase-root-MuiToggleButton-root"
              tabindex="0"
              type="button"
              value="check"
            >
              <svg
                aria-hidden="true"
                class="MuiSvgIcon-root MuiSvgIcon-colorPrimary MuiSvgIcon-fontSizeMedium css-1l2o29s-MuiSvgIcon-root"
                data-testid="VisibilityIcon"
                focusable="false"
                viewBox="0 0 24 24"
              >
                <path
                  d="M12 4.5C7 4.5 2.73 7.61 1 12c1.73 4.39 6 7.5 11 7.5s9.27-3.11 11-7.5c-1.73-4.39-6-7.5-11-7.5zM12 17c-2.76 0-5-2.24-5-5s2.24-5 5-5 5 2.24 5 5-2.24 5-5 5zm0-8c-1.66 0-3 1.34-3 3s1.34 3 3 3 3-1.34 3-3-1.34-3-3-3z"
                />
              </svg>
              <span
                class="MuiTouchRipple-root css-8je8zh-MuiTouchRipple-root"
              />
            </button>
            <button
              class="MuiButton-root MuiButton-contained MuiButton-containedPrimary MuiButton-sizeMedium MuiButton-containedSizeMedium MuiButton-disableElevation MuiButtonBase-root  css-1ft2xoq-MuiButtonBase-root-MuiButton-root"
              tabindex="0"
              type="button"
            >
              apiKeysPage.apiPresent.useKeyBtn
              <span
                class="MuiTouchRipple-root css-8je8zh-MuiTouchRipple-root"
              />
            </button>
            <button
              class="MuiButton-root MuiButton-outlined MuiButton-outlinedPrimary MuiButton-sizeMedium MuiButton-outlinedSizeMedium MuiButton-disableElevation MuiButtonBase-root  css-19ja3ml-MuiButtonBase-root-MuiButton-root"
              tabindex="0"
              type="button"
            >
              apiKeysPage.apiPresent.regeneratesBtn
              <span
                class="MuiTouchRipple-root css-8je8zh-MuiTouchRipple-root"
              />
            </button>
          </div>
        </div>
      </div>
    </div>
  </body>,
  "container": <div>
    <div
      class="MuiPaper-root MuiPaper-outlined MuiPaper-rounded MuiCard-root css-19b52s8-MuiPaper-root-MuiCard-root"
    >
      <div
        class="MuiBox-root css-1qm1lh"
      >
        <h6
          class="MuiTypography-root MuiTypography-h6 css-3grx0y-MuiTypography-root"
        >
          Connessione con nodo
        </h6>
      </div>
      <div
        class="MuiBox-root css-1qm1lh"
      >
        <p
          class="MuiTypography-root MuiTypography-body1 css-3c3y12-MuiTypography-root"
        >
          apiKeysPage.apiPresent.primaryApiKey
        </p>
        <div
          class="css-9jbana-MuiStack-root"
        >
          <div
            class="MuiBox-root css-yq76c3"
          >
            <p
              class="MuiTypography-root MuiTypography-body1 css-11o4oo8-MuiTypography-root"
            >
              XXXXXXXXXXXXXXXXXXXXXXXXXXXXXX
            </p>
          </div>
          <button
            aria-pressed="true"
            class="MuiButtonBase-root MuiToggleButton-root Mui-selected MuiToggleButton-sizeMedium MuiToggleButton-standard css-18a3qz2-MuiButtonBase-root-MuiToggleButton-root"
            tabindex="0"
            type="button"
            value="check"
          >
            <svg
              aria-hidden="true"
              class="MuiSvgIcon-root MuiSvgIcon-colorPrimary MuiSvgIcon-fontSizeMedium css-1l2o29s-MuiSvgIcon-root"
              data-testid="VisibilityIcon"
              focusable="false"
              viewBox="0 0 24 24"
            >
              <path
                d="M12 4.5C7 4.5 2.73 7.61 1 12c1.73 4.39 6 7.5 11 7.5s9.27-3.11 11-7.5c-1.73-4.39-6-7.5-11-7.5zM12 17c-2.76 0-5-2.24-5-5s2.24-5 5-5 5 2.24 5 5-2.24 5-5 5zm0-8c-1.66 0-3 1.34-3 3s1.34 3 3 3 3-1.34 3-3-1.34-3-3-3z"
              />
            </svg>
            <span
              class="MuiTouchRipple-root css-8je8zh-MuiTouchRipple-root"
            />
          </button>
          <button
            class="MuiButton-root MuiButton-contained MuiButton-containedPrimary MuiButton-sizeMedium MuiButton-containedSizeMedium MuiButton-disableElevation MuiButtonBase-root  css-1ft2xoq-MuiButtonBase-root-MuiButton-root"
            tabindex="0"
            type="button"
          >
            apiKeysPage.apiPresent.useKeyBtn
            <span
              class="MuiTouchRipple-root css-8je8zh-MuiTouchRipple-root"
            />
          </button>
          <button
            class="MuiButton-root MuiButton-outlined MuiButton-outlinedPrimary MuiButton-sizeMedium MuiButton-outlinedSizeMedium MuiButton-disableElevation MuiButtonBase-root  css-19ja3ml-MuiButtonBase-root-MuiButton-root"
            tabindex="0"
            type="button"
          >
            apiKeysPage.apiPresent.regeneratesBtn
            <span
              class="MuiTouchRipple-root css-8je8zh-MuiTouchRipple-root"
            />
          </button>
        </div>
      </div>
      <div
        class="MuiBox-root css-0"
      >
        <p
          class="MuiTypography-root MuiTypography-body1 css-3c3y12-MuiTypography-root"
        >
          apiKeysPage.apiPresent.secondaryApiKey
        </p>
        <div
          class="css-9jbana-MuiStack-root"
        >
          <div
            class="MuiBox-root css-yq76c3"
          >
            <p
              class="MuiTypography-root MuiTypography-body1 css-11o4oo8-MuiTypography-root"
            >
              XXXXXXXXXXXXXXXXXXXXXXXXXXXXXX
            </p>
          </div>
          <button
            aria-pressed="true"
            class="MuiButtonBase-root MuiToggleButton-root Mui-selected MuiToggleButton-sizeMedium MuiToggleButton-standard css-18a3qz2-MuiButtonBase-root-MuiToggleButton-root"
            tabindex="0"
            type="button"
            value="check"
          >
            <svg
              aria-hidden="true"
              class="MuiSvgIcon-root MuiSvgIcon-colorPrimary MuiSvgIcon-fontSizeMedium css-1l2o29s-MuiSvgIcon-root"
              data-testid="VisibilityIcon"
              focusable="false"
              viewBox="0 0 24 24"
            >
              <path
                d="M12 4.5C7 4.5 2.73 7.61 1 12c1.73 4.39 6 7.5 11 7.5s9.27-3.11 11-7.5c-1.73-4.39-6-7.5-11-7.5zM12 17c-2.76 0-5-2.24-5-5s2.24-5 5-5 5 2.24 5 5-2.24 5-5 5zm0-8c-1.66 0-3 1.34-3 3s1.34 3 3 3 3-1.34 3-3-1.34-3-3-3z"
              />
            </svg>
            <span
              class="MuiTouchRipple-root css-8je8zh-MuiTouchRipple-root"
            />
          </button>
          <button
            class="MuiButton-root MuiButton-contained MuiButton-containedPrimary MuiButton-sizeMedium MuiButton-containedSizeMedium MuiButton-disableElevation MuiButtonBase-root  css-1ft2xoq-MuiButtonBase-root-MuiButton-root"
            tabindex="0"
            type="button"
          >
            apiKeysPage.apiPresent.useKeyBtn
            <span
              class="MuiTouchRipple-root css-8je8zh-MuiTouchRipple-root"
            />
          </button>
          <button
            class="MuiButton-root MuiButton-outlined MuiButton-outlinedPrimary MuiButton-sizeMedium MuiButton-outlinedSizeMedium MuiButton-disableElevation MuiButtonBase-root  css-19ja3ml-MuiButtonBase-root-MuiButton-root"
            tabindex="0"
            type="button"
          >
            apiKeysPage.apiPresent.regeneratesBtn
            <span
              class="MuiTouchRipple-root css-8je8zh-MuiTouchRipple-root"
            />
          </button>
        </div>
      </div>
    </div>
  </div>,
  "debug": [Function],
  "findAllByAltText": [Function],
  "findAllByDisplayValue": [Function],
  "findAllByLabelText": [Function],
  "findAllByPlaceholderText": [Function],
  "findAllByRole": [Function],
  "findAllByTestId": [Function],
  "findAllByText": [Function],
  "findAllByTitle": [Function],
  "findByAltText": [Function],
  "findByDisplayValue": [Function],
  "findByLabelText": [Function],
  "findByPlaceholderText": [Function],
  "findByRole": [Function],
  "findByTestId": [Function],
  "findByText": [Function],
  "findByTitle": [Function],
  "getAllByAltText": [Function],
  "getAllByDisplayValue": [Function],
  "getAllByLabelText": [Function],
  "getAllByPlaceholderText": [Function],
  "getAllByRole": [Function],
  "getAllByTestId": [Function],
  "getAllByText": [Function],
  "getAllByTitle": [Function],
  "getByAltText": [Function],
  "getByDisplayValue": [Function],
  "getByLabelText": [Function],
  "getByPlaceholderText": [Function],
  "getByRole": [Function],
  "getByTestId": [Function],
  "getByText": [Function],
  "getByTitle": [Function],
  "queryAllByAltText": [Function],
  "queryAllByDisplayValue": [Function],
  "queryAllByLabelText": [Function],
  "queryAllByPlaceholderText": [Function],
  "queryAllByRole": [Function],
  "queryAllByTestId": [Function],
  "queryAllByText": [Function],
  "queryAllByTitle": [Function],
  "queryByAltText": [Function],
  "queryByDisplayValue": [Function],
  "queryByLabelText": [Function],
  "queryByPlaceholderText": [Function],
  "queryByRole": [Function],
  "queryByTestId": [Function],
  "queryByText": [Function],
  "queryByTitle": [Function],
  "rerender": [Function],
  "unmount": [Function],
}
`;
