// Jest Snapshot v1, https://goo.gl/fbAQLP

exports[`renders correctly 1`] = `
Object {
  "asFragment": [Function],
  "baseElement": <body>
    <div>
      <div
        class="MuiGrid-root MuiGrid-container css-1lym95h-MuiGrid-root"
      >
        <div
          class="MuiGrid-root MuiGrid-item MuiGrid-grid-xs-8 css-1aph8lh-MuiGrid-root"
        >
          <div
            class="css-m69qwo-MuiStack-root"
          >
            <button
              class="MuiButton-root MuiButton-naked MuiButton-nakedText MuiButton-sizeSmall MuiButton-nakedSizeSmall MuiButton-disableElevation MuiButtonBase-root  css-12aeyf4-MuiButtonBase-root-MuiButton-root"
              tabindex="0"
              type="button"
            >
              <span
                class="MuiButton-startIcon MuiButton-iconSizeSmall css-cstir9-MuiButton-startIcon"
              >
                <svg
                  aria-hidden="true"
                  class="MuiSvgIcon-root MuiSvgIcon-fontSizeMedium css-1jxdcj3-MuiSvgIcon-root"
                  data-testid="arrow-back-test"
                  focusable="false"
                  viewBox="0 0 24 24"
                >
                  <path
                    d="M20 11H7.83l5.59-5.59L12 4l-8 8 8 8 1.41-1.41L7.83 13H20v-2z"
                  />
                </svg>
              </span>
              general.exit
            </button>
            <nav
              class="MuiTypography-root MuiTypography-body1 MuiBreadcrumbs-root css-hoccj-MuiTypography-root-MuiBreadcrumbs-root"
            >
              <ol
                class="MuiBreadcrumbs-ol css-4pdmu4-MuiBreadcrumbs-ol"
              >
                <li
                  class="MuiBreadcrumbs-li"
                >
                  <p
                    class="MuiTypography-root MuiTypography-body2 css-pjo5ov-MuiTypography-root"
                  >
                    commissionPackagesPage.addEditCommissionPackage.breadcrumb.first
                  </p>
                </li>
                <li
                  aria-hidden="true"
                  class="MuiBreadcrumbs-separator css-12xj74c-MuiBreadcrumbs-separator"
                >
                  /
                </li>
                <li
                  class="MuiBreadcrumbs-li"
                >
                  <p
                    class="MuiTypography-root MuiTypography-body2 css-m3lqzn-MuiTypography-root"
                  >
                    commissionPackagesPage.addEditCommissionPackage.breadcrumb.second
                  </p>
                </li>
              </ol>
            </nav>
          </div>
          <div
            class="MuiGrid-root MuiGrid-container css-14b6npa-MuiGrid-root"
          >
            <div
              class="MuiGrid-root MuiGrid-item MuiGrid-grid-xs-12 css-13e0yuj-MuiGrid-root"
            >
              <h4
                class="MuiTypography-root MuiTypography-h4 css-tp226b-MuiTypography-root"
              >
                commissionPackagesPage.addEditCommissionPackage.title
              </h4>
            </div>
            <div
              class="MuiGrid-root MuiGrid-item MuiGrid-grid-xs-12 css-kxmh4q-MuiGrid-root"
            >
              <p
                class="MuiTypography-root MuiTypography-body1 css-1mx152z-MuiTypography-root"
              >
                commissionPackagesPage.addEditCommissionPackage.subtitle
              </p>
            </div>
          </div>
        </div>
      </div>
    </div>
  </body>,
  "container": <div>
    <div
      class="MuiGrid-root MuiGrid-container css-1lym95h-MuiGrid-root"
    >
      <div
        class="MuiGrid-root MuiGrid-item MuiGrid-grid-xs-8 css-1aph8lh-MuiGrid-root"
      >
        <div
          class="css-m69qwo-MuiStack-root"
        >
          <button
            class="MuiButton-root MuiButton-naked MuiButton-nakedText MuiButton-sizeSmall MuiButton-nakedSizeSmall MuiButton-disableElevation MuiButtonBase-root  css-12aeyf4-MuiButtonBase-root-MuiButton-root"
            tabindex="0"
            type="button"
          >
            <span
              class="MuiButton-startIcon MuiButton-iconSizeSmall css-cstir9-MuiButton-startIcon"
            >
              <svg
                aria-hidden="true"
                class="MuiSvgIcon-root MuiSvgIcon-fontSizeMedium css-1jxdcj3-MuiSvgIcon-root"
                data-testid="arrow-back-test"
                focusable="false"
                viewBox="0 0 24 24"
              >
                <path
                  d="M20 11H7.83l5.59-5.59L12 4l-8 8 8 8 1.41-1.41L7.83 13H20v-2z"
                />
              </svg>
            </span>
            general.exit
          </button>
          <nav
            class="MuiTypography-root MuiTypography-body1 MuiBreadcrumbs-root css-hoccj-MuiTypography-root-MuiBreadcrumbs-root"
          >
            <ol
              class="MuiBreadcrumbs-ol css-4pdmu4-MuiBreadcrumbs-ol"
            >
              <li
                class="MuiBreadcrumbs-li"
              >
                <p
                  class="MuiTypography-root MuiTypography-body2 css-pjo5ov-MuiTypography-root"
                >
                  commissionPackagesPage.addEditCommissionPackage.breadcrumb.first
                </p>
              </li>
              <li
                aria-hidden="true"
                class="MuiBreadcrumbs-separator css-12xj74c-MuiBreadcrumbs-separator"
              >
                /
              </li>
              <li
                class="MuiBreadcrumbs-li"
              >
                <p
                  class="MuiTypography-root MuiTypography-body2 css-m3lqzn-MuiTypography-root"
                >
                  commissionPackagesPage.addEditCommissionPackage.breadcrumb.second
                </p>
              </li>
            </ol>
          </nav>
        </div>
        <div
          class="MuiGrid-root MuiGrid-container css-14b6npa-MuiGrid-root"
        >
          <div
            class="MuiGrid-root MuiGrid-item MuiGrid-grid-xs-12 css-13e0yuj-MuiGrid-root"
          >
            <h4
              class="MuiTypography-root MuiTypography-h4 css-tp226b-MuiTypography-root"
            >
              commissionPackagesPage.addEditCommissionPackage.title
            </h4>
          </div>
          <div
            class="MuiGrid-root MuiGrid-item MuiGrid-grid-xs-12 css-kxmh4q-MuiGrid-root"
          >
            <p
              class="MuiTypography-root MuiTypography-body1 css-1mx152z-MuiTypography-root"
            >
              commissionPackagesPage.addEditCommissionPackage.subtitle
            </p>
          </div>
        </div>
      </div>
    </div>
  </div>,
  "debug": [Function],
  "findAllByAltText": [Function],
  "findAllByDisplayValue": [Function],
  "findAllByLabelText": [Function],
  "findAllByPlaceholderText": [Function],
  "findAllByRole": [Function],
  "findAllByTestId": [Function],
  "findAllByText": [Function],
  "findAllByTitle": [Function],
  "findByAltText": [Function],
  "findByDisplayValue": [Function],
  "findByLabelText": [Function],
  "findByPlaceholderText": [Function],
  "findByRole": [Function],
  "findByTestId": [Function],
  "findByText": [Function],
  "findByTitle": [Function],
  "getAllByAltText": [Function],
  "getAllByDisplayValue": [Function],
  "getAllByLabelText": [Function],
  "getAllByPlaceholderText": [Function],
  "getAllByRole": [Function],
  "getAllByTestId": [Function],
  "getAllByText": [Function],
  "getAllByTitle": [Function],
  "getByAltText": [Function],
  "getByDisplayValue": [Function],
  "getByLabelText": [Function],
  "getByPlaceholderText": [Function],
  "getByRole": [Function],
  "getByTestId": [Function],
  "getByText": [Function],
  "getByTitle": [Function],
  "queryAllByAltText": [Function],
  "queryAllByDisplayValue": [Function],
  "queryAllByLabelText": [Function],
  "queryAllByPlaceholderText": [Function],
  "queryAllByRole": [Function],
  "queryAllByTestId": [Function],
  "queryAllByText": [Function],
  "queryAllByTitle": [Function],
  "queryByAltText": [Function],
  "queryByDisplayValue": [Function],
  "queryByLabelText": [Function],
  "queryByPlaceholderText": [Function],
  "queryByRole": [Function],
  "queryByTestId": [Function],
  "queryByText": [Function],
  "queryByTitle": [Function],
  "rerender": [Function],
  "unmount": [Function],
}
`;
