// Jest Snapshot v1, https://goo.gl/fbAQLP

exports[`renders correctly 1`] = `
Object {
  "asFragment": [Function],
  "baseElement": <body>
    <div>
      <div
        class="MuiGrid-root MuiGrid-container MuiGrid-item MuiGrid-grid-xs-12 css-1tclgmz-MuiGrid-root"
      >
        <div
          class="MuiGrid-root MuiGrid-item MuiGrid-grid-xs-2 css-z963bs-MuiGrid-root"
        >
          <div
            class="MuiBox-root css-0"
          >
            <div
              class="MuiBox-root css-jeqi4w"
            >
              <div
                class="MuiBox-root css-ir1t2y"
              >
                <ul
                  class="MuiList-root MuiList-padding css-h4y409-MuiList-root"
                >
                  <div
                    class="MuiListItemButton-root MuiListItemButton-gutters MuiButtonBase-root css-1k5qf7y-MuiButtonBase-root-MuiListItemButton-root"
                    data-testid="home-test"
                    role="button"
                    tabindex="0"
                  >
                    <div
                      class="MuiListItemIcon-root css-1vo01mv-MuiListItemIcon-root"
                    >
                      <svg
                        aria-hidden="true"
                        class="MuiSvgIcon-root MuiSvgIcon-fontSizeMedium material-icons notranslate MuiIcon-root MuiIcon-fontSizeMedium css-ycncy1-MuiSvgIcon-root-MuiIcon-root"
                        data-testid="DashboardIcon"
                        focusable="false"
                        viewBox="0 0 24 24"
                      >
                        <path
                          d="M3 13h8V3H3v10zm0 8h8v-6H3v6zm10 0h8V11h-8v10zm0-18v6h8V3h-8z"
                        />
                      </svg>
                    </div>
                    <div
                      class="MuiListItemText-root css-mmjwmt-MuiListItemText-root"
                    >
                      <span
                        class="MuiTypography-root MuiTypography-body1 MuiListItemText-primary css-1gq3qqz-MuiTypography-root"
                      >
                        sideMenu.home.title
                      </span>
                    </div>
                  </div>
                </ul>
              </div>
            </div>
          </div>
        </div>
        <div
          class="MuiGrid-root MuiGrid-item MuiGrid-grid-xs-10 css-tgn2wv-MuiGrid-root"
        >
          <div
            class="MuiBox-root css-8atqhb"
          >
            <div
              class="MuiGrid-root MuiGrid-container css-14b6npa-MuiGrid-root"
            >
              <div
                class="MuiGrid-root MuiGrid-item MuiGrid-grid-xs-12 css-13e0yuj-MuiGrid-root"
              >
                <h4
                  class="MuiTypography-root MuiTypography-h4 css-tp226b-MuiTypography-root"
                >
                  channelsPage.title
                </h4>
              </div>
              <div
                class="MuiGrid-root MuiGrid-item MuiGrid-grid-xs-12 css-kxmh4q-MuiGrid-root"
              >
                <p
                  class="MuiTypography-root MuiTypography-body1 css-1mx152z-MuiTypography-root"
                >
                  channelsPage.subtitle
                </p>
              </div>
            </div>
          </div>
          <div
            class="MuiBox-root css-1age63q"
          >
            <div
              class="MuiFormControl-root MuiFormControl-fullWidth MuiTextField-root css-wb57ya-MuiFormControl-root-MuiTextField-root"
            >
              <div
                class="MuiOutlinedInput-root MuiInputBase-root MuiInputBase-colorPrimary MuiInputBase-fullWidth MuiInputBase-formControl MuiInputBase-adornedStart css-8flmyg-MuiInputBase-root-MuiOutlinedInput-root"
              >
                <div
                  class="MuiInputAdornment-root MuiInputAdornment-positionStart MuiInputAdornment-outlined MuiInputAdornment-sizeMedium css-q80374-MuiInputAdornment-root"
                >
                  <span
                    class="notranslate"
                  >
                    ​
                  </span>
                  <svg
                    aria-hidden="true"
                    class="MuiSvgIcon-root MuiSvgIcon-colorDisabled MuiSvgIcon-fontSizeMedium css-fii1q7-MuiSvgIcon-root"
                    data-testid="SearchIcon"
                    focusable="false"
                    viewBox="0 0 24 24"
                  >
                    <path
                      d="M15.5 14h-.79l-.28-.27C15.41 12.59 16 11.11 16 9.5 16 5.91 13.09 3 9.5 3S3 5.91 3 9.5 5.91 16 9.5 16c1.61 0 3.09-.59 4.23-1.57l.27.28v.79l5 4.99L20.49 19l-4.99-5zm-6 0C7.01 14 5 11.99 5 9.5S7.01 5 9.5 5 14 7.01 14 9.5 11.99 14 9.5 14z"
                    />
                  </svg>
                </div>
                <input
                  aria-invalid="false"
                  class="MuiOutlinedInput-input MuiInputBase-input MuiInputBase-inputAdornedStart css-1vy4md3-MuiInputBase-input-MuiOutlinedInput-input"
                  id="mui-3"
                  placeholder="channelsPage.searchPlaceholder"
                  type="text"
                  value=""
                />
                <fieldset
                  aria-hidden="true"
                  class="MuiOutlinedInput-notchedOutline css-1d3z3hw-MuiOutlinedInput-notchedOutline"
                >
                  <legend
                    class="css-hdw1oc"
                  >
                    <span
                      class="notranslate"
                    >
                      ​
                    </span>
                  </legend>
                </fieldset>
              </div>
            </div>
            <a
              class="MuiButton-root MuiButton-contained MuiButton-containedPrimary MuiButton-sizeMedium MuiButton-containedSizeMedium MuiButton-disableElevation MuiButtonBase-root  css-1y2xzer-MuiButtonBase-root-MuiButton-root"
              href="/ui/channels/add-channel/"
              tabindex="0"
            >
              channelsPage.createChannelButtonLabel
              <span
                class="MuiTouchRipple-root css-8je8zh-MuiTouchRipple-root"
              />
            </a>
          </div>
          <div
            class="MuiBox-root css-155hu1u"
          >
            <div
              class="MuiBox-root css-1s3djhk"
            >
              <div
                class="MuiBox-root css-1cg1tk5"
                id="ChannelsSearchTableBox"
              >
                <div
                  class="MuiBox-root css-1fwt4j5"
                >
                  <div
                    class="MuiBox-root css-1podeb3"
                  >
                    <p
                      class="MuiTypography-root MuiTypography-body2 css-pjo5ov-MuiTypography-root"
                    >
                      Non sono ancora presenti canali in questo ambiente.
                      <a
                        class="MuiTypography-root MuiTypography-inherit MuiLink-root MuiLink-underlineAlways css-1lr2oxb-MuiTypography-root-MuiLink-root"
                        href="/ui/channels/add-channel/"
                      >
                        <strong>
                           Crea Canale
                        </strong>
                      </a>
                    </p>
                  </div>
                </div>
              </div>
            </div>
          </div>
        </div>
      </div>
    </div>
  </body>,
  "container": <div>
    <div
      class="MuiGrid-root MuiGrid-container MuiGrid-item MuiGrid-grid-xs-12 css-1tclgmz-MuiGrid-root"
    >
      <div
        class="MuiGrid-root MuiGrid-item MuiGrid-grid-xs-2 css-z963bs-MuiGrid-root"
      >
        <div
          class="MuiBox-root css-0"
        >
          <div
            class="MuiBox-root css-jeqi4w"
          >
            <div
              class="MuiBox-root css-ir1t2y"
            >
              <ul
                class="MuiList-root MuiList-padding css-h4y409-MuiList-root"
              >
                <div
                  class="MuiListItemButton-root MuiListItemButton-gutters MuiButtonBase-root css-1k5qf7y-MuiButtonBase-root-MuiListItemButton-root"
                  data-testid="home-test"
                  role="button"
                  tabindex="0"
                >
                  <div
                    class="MuiListItemIcon-root css-1vo01mv-MuiListItemIcon-root"
                  >
                    <svg
                      aria-hidden="true"
                      class="MuiSvgIcon-root MuiSvgIcon-fontSizeMedium material-icons notranslate MuiIcon-root MuiIcon-fontSizeMedium css-ycncy1-MuiSvgIcon-root-MuiIcon-root"
                      data-testid="DashboardIcon"
                      focusable="false"
                      viewBox="0 0 24 24"
                    >
                      <path
                        d="M3 13h8V3H3v10zm0 8h8v-6H3v6zm10 0h8V11h-8v10zm0-18v6h8V3h-8z"
                      />
                    </svg>
                  </div>
                  <div
                    class="MuiListItemText-root css-mmjwmt-MuiListItemText-root"
                  >
                    <span
                      class="MuiTypography-root MuiTypography-body1 MuiListItemText-primary css-1gq3qqz-MuiTypography-root"
                    >
                      sideMenu.home.title
                    </span>
                  </div>
                </div>
              </ul>
            </div>
          </div>
        </div>
      </div>
      <div
        class="MuiGrid-root MuiGrid-item MuiGrid-grid-xs-10 css-tgn2wv-MuiGrid-root"
      >
        <div
          class="MuiBox-root css-8atqhb"
        >
          <div
            class="MuiGrid-root MuiGrid-container css-14b6npa-MuiGrid-root"
          >
            <div
              class="MuiGrid-root MuiGrid-item MuiGrid-grid-xs-12 css-13e0yuj-MuiGrid-root"
            >
              <h4
                class="MuiTypography-root MuiTypography-h4 css-tp226b-MuiTypography-root"
              >
                channelsPage.title
              </h4>
            </div>
            <div
              class="MuiGrid-root MuiGrid-item MuiGrid-grid-xs-12 css-kxmh4q-MuiGrid-root"
            >
              <p
                class="MuiTypography-root MuiTypography-body1 css-1mx152z-MuiTypography-root"
              >
                channelsPage.subtitle
              </p>
            </div>
          </div>
        </div>
        <div
          class="MuiBox-root css-1age63q"
        >
          <div
            class="MuiFormControl-root MuiFormControl-fullWidth MuiTextField-root css-wb57ya-MuiFormControl-root-MuiTextField-root"
          >
            <div
              class="MuiOutlinedInput-root MuiInputBase-root MuiInputBase-colorPrimary MuiInputBase-fullWidth MuiInputBase-formControl MuiInputBase-adornedStart css-8flmyg-MuiInputBase-root-MuiOutlinedInput-root"
            >
              <div
                class="MuiInputAdornment-root MuiInputAdornment-positionStart MuiInputAdornment-outlined MuiInputAdornment-sizeMedium css-q80374-MuiInputAdornment-root"
              >
                <span
                  class="notranslate"
                >
                  ​
                </span>
                <svg
                  aria-hidden="true"
                  class="MuiSvgIcon-root MuiSvgIcon-colorDisabled MuiSvgIcon-fontSizeMedium css-fii1q7-MuiSvgIcon-root"
                  data-testid="SearchIcon"
                  focusable="false"
                  viewBox="0 0 24 24"
                >
                  <path
                    d="M15.5 14h-.79l-.28-.27C15.41 12.59 16 11.11 16 9.5 16 5.91 13.09 3 9.5 3S3 5.91 3 9.5 5.91 16 9.5 16c1.61 0 3.09-.59 4.23-1.57l.27.28v.79l5 4.99L20.49 19l-4.99-5zm-6 0C7.01 14 5 11.99 5 9.5S7.01 5 9.5 5 14 7.01 14 9.5 11.99 14 9.5 14z"
                  />
                </svg>
              </div>
              <input
                aria-invalid="false"
                class="MuiOutlinedInput-input MuiInputBase-input MuiInputBase-inputAdornedStart css-1vy4md3-MuiInputBase-input-MuiOutlinedInput-input"
                id="mui-3"
                placeholder="channelsPage.searchPlaceholder"
                type="text"
                value=""
              />
              <fieldset
                aria-hidden="true"
                class="MuiOutlinedInput-notchedOutline css-1d3z3hw-MuiOutlinedInput-notchedOutline"
              >
                <legend
                  class="css-hdw1oc"
                >
                  <span
                    class="notranslate"
                  >
                    ​
                  </span>
                </legend>
              </fieldset>
            </div>
          </div>
          <a
            class="MuiButton-root MuiButton-contained MuiButton-containedPrimary MuiButton-sizeMedium MuiButton-containedSizeMedium MuiButton-disableElevation MuiButtonBase-root  css-1y2xzer-MuiButtonBase-root-MuiButton-root"
            href="/ui/channels/add-channel/"
            tabindex="0"
          >
            channelsPage.createChannelButtonLabel
            <span
              class="MuiTouchRipple-root css-8je8zh-MuiTouchRipple-root"
            />
          </a>
        </div>
        <div
          class="MuiBox-root css-155hu1u"
        >
          <div
            class="MuiBox-root css-1s3djhk"
          >
            <div
              class="MuiBox-root css-1cg1tk5"
              id="ChannelsSearchTableBox"
            >
              <div
                class="MuiBox-root css-1fwt4j5"
              >
                <div
                  class="MuiBox-root css-1podeb3"
                >
                  <p
                    class="MuiTypography-root MuiTypography-body2 css-pjo5ov-MuiTypography-root"
                  >
                    Non sono ancora presenti canali in questo ambiente.
                    <a
                      class="MuiTypography-root MuiTypography-inherit MuiLink-root MuiLink-underlineAlways css-1lr2oxb-MuiTypography-root-MuiLink-root"
                      href="/ui/channels/add-channel/"
                    >
                      <strong>
                         Crea Canale
                      </strong>
                    </a>
                  </p>
                </div>
              </div>
            </div>
          </div>
        </div>
      </div>
    </div>
  </div>,
  "debug": [Function],
  "findAllByAltText": [Function],
  "findAllByDisplayValue": [Function],
  "findAllByLabelText": [Function],
  "findAllByPlaceholderText": [Function],
  "findAllByRole": [Function],
  "findAllByTestId": [Function],
  "findAllByText": [Function],
  "findAllByTitle": [Function],
  "findByAltText": [Function],
  "findByDisplayValue": [Function],
  "findByLabelText": [Function],
  "findByPlaceholderText": [Function],
  "findByRole": [Function],
  "findByTestId": [Function],
  "findByText": [Function],
  "findByTitle": [Function],
  "getAllByAltText": [Function],
  "getAllByDisplayValue": [Function],
  "getAllByLabelText": [Function],
  "getAllByPlaceholderText": [Function],
  "getAllByRole": [Function],
  "getAllByTestId": [Function],
  "getAllByText": [Function],
  "getAllByTitle": [Function],
  "getByAltText": [Function],
  "getByDisplayValue": [Function],
  "getByLabelText": [Function],
  "getByPlaceholderText": [Function],
  "getByRole": [Function],
  "getByTestId": [Function],
  "getByText": [Function],
  "getByTitle": [Function],
  "queryAllByAltText": [Function],
  "queryAllByDisplayValue": [Function],
  "queryAllByLabelText": [Function],
  "queryAllByPlaceholderText": [Function],
  "queryAllByRole": [Function],
  "queryAllByTestId": [Function],
  "queryAllByText": [Function],
  "queryAllByTitle": [Function],
  "queryByAltText": [Function],
  "queryByDisplayValue": [Function],
  "queryByLabelText": [Function],
  "queryByPlaceholderText": [Function],
  "queryByRole": [Function],
  "queryByTestId": [Function],
  "queryByText": [Function],
  "queryByTitle": [Function],
  "rerender": [Function],
  "unmount": [Function],
}
`;
