// Jest Snapshot v1, https://goo.gl/fbAQLP

exports[`renders correctly 1`] = `
Object {
  "asFragment": [Function],
  "baseElement": <body>
    <div>
      <div
        class="MuiGrid-root MuiGrid-container css-1lym95h-MuiGrid-root"
      >
        <div
          class="MuiGrid-root MuiGrid-item MuiGrid-grid-xs-8 css-1aph8lh-MuiGrid-root"
        >
          <div
            class="css-m69qwo-MuiStack-root"
          >
            <button
              class="MuiButton-root MuiButton-naked MuiButton-nakedText MuiButton-sizeSmall MuiButton-nakedSizeSmall MuiButton-disableElevation MuiButtonBase-root  css-12aeyf4-MuiButtonBase-root-MuiButton-root"
              tabindex="0"
              type="button"
            >
              <span
                class="MuiButton-startIcon MuiButton-iconSizeSmall css-cstir9-MuiButton-startIcon"
              >
                <svg
                  aria-hidden="true"
                  class="MuiSvgIcon-root MuiSvgIcon-fontSizeMedium css-1jxdcj3-MuiSvgIcon-root"
                  data-testid="ArrowBackIcon"
                  focusable="false"
                  viewBox="0 0 24 24"
                >
                  <path
                    d="M20 11H7.83l5.59-5.59L12 4l-8 8 8 8 1.41-1.41L7.83 13H20v-2z"
                  />
                </svg>
              </span>
              general.exit
            </button>
            <nav
              class="MuiTypography-root MuiTypography-body1 MuiBreadcrumbs-root css-hoccj-MuiTypography-root-MuiBreadcrumbs-root"
            >
              <ol
                class="MuiBreadcrumbs-ol css-4pdmu4-MuiBreadcrumbs-ol"
              >
                <li
                  class="MuiBreadcrumbs-li"
                >
                  <p
                    class="MuiTypography-root MuiTypography-body1 css-11o4oo8-MuiTypography-root"
                  >
                    general.Channels
                  </p>
                </li>
                <li
                  aria-hidden="true"
                  class="MuiBreadcrumbs-separator css-12xj74c-MuiBreadcrumbs-separator"
                >
                  /
                </li>
                <li
                  class="MuiBreadcrumbs-li"
                >
                  <p
                    class="MuiTypography-root MuiTypography-body1 css-829s2n-MuiTypography-root"
                  >
                    channelDetailPage.detail
                     
                    XPAY_03_ONUS
                  </p>
                </li>
              </ol>
            </nav>
          </div>
          <div
            class="MuiGrid-root MuiGrid-container css-11jhn1e-MuiGrid-root"
          >
            <div
              class="MuiGrid-root MuiGrid-item MuiGrid-grid-xs-6 css-4b6clp-MuiGrid-root"
            >
              <div
                class="MuiGrid-root MuiGrid-container css-11lq3yg-MuiGrid-root"
              >
                <div
                  class="MuiGrid-root MuiGrid-item MuiGrid-grid-xs-12 css-13e0yuj-MuiGrid-root"
                >
                  <h4
                    class="MuiTypography-root MuiTypography-h4 css-tp226b-MuiTypography-root"
                  >
                    XPAY_03_ONUS
                  </h4>
                </div>
              </div>
              <p
                class="MuiTypography-root MuiTypography-body1 css-2qybz9-MuiTypography-root"
              >
                channelDetailPage.createdOn
                 
                <span
                  class="MuiTypography-root MuiTypography-body1 css-bz4jvb-MuiTypography-root"
                >
                  -
                </span>
              </p>
            </div>
            <div
              class="MuiGrid-root MuiGrid-item MuiGrid-grid-xs-6 css-4b6clp-MuiGrid-root"
            >
              <div
                class="css-1yvqd4o-MuiStack-root"
              >
                <a
                  class="MuiButton-root MuiButton-contained MuiButton-containedPrimary MuiButton-sizeMedium MuiButton-containedSizeMedium MuiButton-disableElevation MuiButtonBase-root  css-1ft2xoq-MuiButtonBase-root-MuiButton-root"
                  href="/channels/ui/channels/XPAY_03_ONUS/edit"
                  tabindex="0"
                >
                  channelDetailPage.edit
                  <span
                    class="MuiTouchRipple-root css-8je8zh-MuiTouchRipple-root"
                  />
                </a>
              </div>
            </div>
          </div>
          <div
            class="MuiPaper-root MuiPaper-elevation MuiPaper-rounded MuiPaper-elevation8 css-14cjuns-MuiPaper-root"
          >
            <div
              class="MuiGrid-root MuiGrid-container css-gi6a6a-MuiGrid-root"
            >
              <div
                class="MuiGrid-root MuiGrid-item MuiGrid-grid-xs-3 css-1d1n3q7-MuiGrid-root"
              >
                <h6
                  class="MuiTypography-root MuiTypography-subtitle2 css-yy5du4-MuiTypography-root"
                >
                  channelDetailPage.state
                </h6>
              </div>
              <div
                class="MuiGrid-root MuiGrid-item MuiGrid-grid-xs-9 css-v5xaxk-MuiGrid-root"
              >
                <div
                  aria-label="Status"
                  class="MuiChip-root MuiChip-filled MuiChip-sizeMedium MuiChip-colorDefault MuiChip-filledDefault css-73nswd-MuiChip-root"
                >
                  <span
                    class="MuiChip-label MuiChip-labelMedium css-5ke471-MuiChip-label"
                  >
                    general.WrapperStatus.
                  </span>
                </div>
              </div>
            </div>
            <h6
              class="MuiTypography-root MuiTypography-h6 css-6xok1n-MuiTypography-root"
            >
              channelDetailPage.channelConfiguration
            </h6>
            <hr
              class="MuiDivider-root MuiDivider-fullWidth css-110flik-MuiDivider-root"
            />
            <div
              class="MuiBox-root css-y1gt6f"
            >
              <div
                class="MuiGrid-root MuiGrid-container MuiGrid-spacing-xs-2 css-mhc70k-MuiGrid-root"
              >
                <div
                  class="MuiGrid-root MuiGrid-container MuiGrid-item MuiGrid-spacing-xs-2 css-1juhaji-MuiGrid-root"
                >
                  <div
                    class="MuiGrid-root MuiGrid-item MuiGrid-grid-xs-12 css-ch12pe-MuiGrid-root"
                  >
                    <span
                      class="MuiTypography-root MuiTypography-sidenav css-1akoop7-MuiTypography-root"
                    >
                      channelDetailPage.registry
                    </span>
                  </div>
                  <div
                    class="MuiGrid-root MuiGrid-item MuiGrid-grid-xs-3 css-1d1n3q7-MuiGrid-root"
                  >
                    <p
                      class="MuiTypography-root MuiTypography-body2 css-pjo5ov-MuiTypography-root"
                    >
                      channelDetailPage.pspBrokerCode
                    </p>
                  </div>
                  <div
                    class="MuiGrid-root MuiGrid-item MuiGrid-grid-xs-9 css-1dzwweo-MuiGrid-root"
                  >
                    <p
                      class="MuiTypography-root MuiTypography-body2 css-m3lqzn-MuiTypography-root"
                    >
                      97735020584
                    </p>
                  </div>
                  <div
                    class="MuiGrid-root MuiGrid-item MuiGrid-grid-xs-3 css-1d1n3q7-MuiGrid-root"
                  >
                    <p
                      class="MuiTypography-root MuiTypography-body2 css-pjo5ov-MuiTypography-root"
                    >
                      channelDetailPage.companyName
                    </p>
                  </div>
                  <div
                    class="MuiGrid-root MuiGrid-item MuiGrid-grid-xs-9 css-1dzwweo-MuiGrid-root"
                  >
                    <p
                      class="MuiTypography-root MuiTypography-body2 css-m3lqzn-MuiTypography-root"
                    >
                      AgID - Agenzia per lâ€™Italia Digitale
                    </p>
                  </div>
                  <div
                    class="MuiGrid-root MuiGrid-item MuiGrid-grid-xs-3 css-1d1n3q7-MuiGrid-root"
                  >
                    <p
                      class="MuiTypography-root MuiTypography-body2 css-pjo5ov-MuiTypography-root"
                    >
                      channelDetailPage.idChannel
                    </p>
                  </div>
                  <div
                    class="MuiGrid-root MuiGrid-item MuiGrid-grid-xs-9 css-1dzwweo-MuiGrid-root"
                  >
                    <p
                      class="MuiTypography-root MuiTypography-body2 css-m3lqzn-MuiTypography-root"
                    >
                      XPAY_03_ONUS
                    </p>
                  </div>
                  <div
                    class="MuiGrid-root MuiGrid-item MuiGrid-grid-xs-12 css-x5mdt3-MuiGrid-root"
                  >
                    <span
                      class="MuiTypography-root MuiTypography-sidenav css-1akoop7-MuiTypography-root"
                    >
                      channelDetailPage.target
                    </span>
                  </div>
                  <div
                    class="MuiGrid-root MuiGrid-item MuiGrid-grid-xs-3 css-1d1n3q7-MuiGrid-root"
                  >
                    <p
                      class="MuiTypography-root MuiTypography-body2 css-pjo5ov-MuiTypography-root"
                    >
                      channelDetailPage.endPoint
                    </p>
                  </div>
                  <div
                    class="MuiGrid-root MuiGrid-item MuiGrid-grid-xs-6 css-4b6clp-MuiGrid-root"
                  >
                    <p
                      class="MuiTypography-root MuiTypography-body2 css-m3lqzn-MuiTypography-root"
                    >
                       lab.link.it:8081/ /govpay/api/pagopa/PagamentiTelematiciCCPservice
                    </p>
                  </div>
                  <div
                    class="MuiGrid-root MuiGrid-item MuiGrid-grid-xs-12 css-x5mdt3-MuiGrid-root"
                  >
                    <span
                      class="MuiTypography-root MuiTypography-sidenav css-1akoop7-MuiTypography-root"
                    >
                      channelDetailPage.paymentType
                    </span>
                  </div>
                  <div
                    class="MuiGrid-root MuiGrid-container MuiGrid-grid-xs-12 css-10tqud7-MuiGrid-root"
                  >
                    <div
                      class="MuiGrid-root MuiGrid-item MuiGrid-grid-xs-3 css-159rxft-MuiGrid-root"
                    >
                      <div
                        class="MuiChip-root MuiChip-filled MuiChip-sizeMedium MuiChip-colorPrimary MuiChip-filledPrimary css-1mq2ms9-MuiChip-root"
                      >
                        <span
                          class="MuiChip-label MuiChip-labelMedium css-5ke471-MuiChip-label"
                        >
                          PPAY
                        </span>
                      </div>
                    </div>
                    <div
                      class="MuiGrid-root MuiGrid-item MuiGrid-grid-xs-3 css-1d1n3q7-MuiGrid-root"
                    >
                      <div
                        class="MuiChip-root MuiChip-filled MuiChip-sizeMedium MuiChip-colorPrimary MuiChip-filledPrimary css-1mq2ms9-MuiChip-root"
                      >
                        <span
                          class="MuiChip-label MuiChip-labelMedium css-5ke471-MuiChip-label"
                        >
                          SEPA
                        </span>
                      </div>
                    </div>
                  </div>
                  <div
                    class="MuiGrid-root MuiGrid-item MuiGrid-grid-xs-9 css-1dzwweo-MuiGrid-root"
                  >
                    <span
                      class="MuiTypography-root MuiTypography-sidenav css-1akoop7-MuiTypography-root"
                    >
                      channelDetailPage.associatedPsp
                    </span>
                  </div>
                  <div
                    class="MuiGrid-root MuiGrid-item MuiGrid-grid-xs-3 css-1rjsan9-MuiGrid-root"
                  >
                    <a
                      aria-disabled="true"
                      class="MuiButton-root MuiButton-naked MuiButton-nakedPrimary MuiButton-sizeMedium MuiButton-nakedSizeMedium MuiButton-disableElevation MuiButtonBase-root Mui-disabled  css-7aa0z9-MuiButtonBase-root-MuiButton-root"
                      href="/channels/ui/channels/XPAY_03_ONUS/psp-list"
                      tabindex="-1"
                    >
                      channelDetailPage.managePsp
                      <span
                        class="MuiButton-endIcon MuiButton-iconSizeMedium css-1gnd1fd-MuiButton-endIcon"
                      >
                        <svg
                          aria-hidden="true"
                          class="MuiSvgIcon-root MuiSvgIcon-fontSizeMedium css-1jxdcj3-MuiSvgIcon-root"
                          data-testid="ManageAccountsIcon"
                          focusable="false"
                          viewBox="0 0 24 24"
                        >
                          <circle
                            cx="10"
                            cy="8"
                            r="4"
                          />
                          <path
                            d="M10.67 13.02c-.22-.01-.44-.02-.67-.02-2.42 0-4.68.67-6.61 1.82-.88.52-1.39 1.5-1.39 2.53V20h9.26c-.79-1.13-1.26-2.51-1.26-4 0-1.07.25-2.07.67-2.98zM20.75 16c0-.22-.03-.42-.06-.63l1.14-1.01-1-1.73-1.45.49c-.32-.27-.68-.48-1.08-.63L18 11h-2l-.3 1.49c-.4.15-.76.36-1.08.63l-1.45-.49-1 1.73 1.14 1.01c-.03.21-.06.41-.06.63s.03.42.06.63l-1.14 1.01 1 1.73 1.45-.49c.32.27.68.48 1.08.63L16 21h2l.3-1.49c.4-.15.76-.36 1.08-.63l1.45.49 1-1.73-1.14-1.01c.03-.21.06-.41.06-.63zM17 18c-1.1 0-2-.9-2-2s.9-2 2-2 2 .9 2 2-.9 2-2 2z"
                          />
                        </svg>
                      </span>
                    </a>
                  </div>
                  <div
                    class="MuiGrid-root MuiGrid-item MuiGrid-grid-xs-3 css-1d1n3q7-MuiGrid-root"
                  >
                    <p
                      class="MuiTypography-root MuiTypography-body2 css-pjo5ov-MuiTypography-root"
                    >
                      channelDetailPage.associated
                    </p>
                  </div>
                  <div
                    class="MuiGrid-root MuiGrid-item MuiGrid-grid-xs-9 css-1dzwweo-MuiGrid-root"
                  >
                    <p
                      class="MuiTypography-root MuiTypography-body2 css-m3lqzn-MuiTypography-root"
                    >
                      0
                    </p>
                  </div>
                  <div
                    class="MuiGrid-root MuiGrid-item MuiGrid-grid-xs-12 css-x5mdt3-MuiGrid-root"
                  >
                    <span
                      class="MuiTypography-root MuiTypography-sidenav css-1akoop7-MuiTypography-root"
                    >
                      channelDetailPage.changes
                    </span>
                  </div>
                  <div
                    class="MuiGrid-root MuiGrid-item MuiGrid-grid-xs-3 css-1d1n3q7-MuiGrid-root"
                  >
                    <p
                      class="MuiTypography-root MuiTypography-body2 css-pjo5ov-MuiTypography-root"
                    >
                      channelDetailPage.lastChange
                    </p>
                  </div>
                  <div
                    class="MuiGrid-root MuiGrid-item MuiGrid-grid-xs-9 css-1dzwweo-MuiGrid-root"
                  >
                    <p
                      class="MuiTypography-root MuiTypography-body2 css-m3lqzn-MuiTypography-root"
                    >
                      -
                    </p>
                  </div>
                  <div
                    class="MuiGrid-root MuiGrid-item MuiGrid-grid-xs-3 css-1d1n3q7-MuiGrid-root"
                  >
                    <p
                      class="MuiTypography-root MuiTypography-body2 css-pjo5ov-MuiTypography-root"
                    >
                      channelDetailPage.operatedBy
                    </p>
                  </div>
                  <div
                    class="MuiGrid-root MuiGrid-item MuiGrid-grid-xs-9 css-1dzwweo-MuiGrid-root"
                  >
                    <p
                      class="MuiTypography-root MuiTypography-body2 css-m3lqzn-MuiTypography-root"
                    />
                  </div>
                </div>
              </div>
            </div>
          </div>
        </div>
      </div>
    </div>
  </body>,
  "container": <div>
    <div
      class="MuiGrid-root MuiGrid-container css-1lym95h-MuiGrid-root"
    >
      <div
        class="MuiGrid-root MuiGrid-item MuiGrid-grid-xs-8 css-1aph8lh-MuiGrid-root"
      >
        <div
          class="css-m69qwo-MuiStack-root"
        >
          <button
            class="MuiButton-root MuiButton-naked MuiButton-nakedText MuiButton-sizeSmall MuiButton-nakedSizeSmall MuiButton-disableElevation MuiButtonBase-root  css-12aeyf4-MuiButtonBase-root-MuiButton-root"
            tabindex="0"
            type="button"
          >
            <span
              class="MuiButton-startIcon MuiButton-iconSizeSmall css-cstir9-MuiButton-startIcon"
            >
              <svg
                aria-hidden="true"
                class="MuiSvgIcon-root MuiSvgIcon-fontSizeMedium css-1jxdcj3-MuiSvgIcon-root"
                data-testid="ArrowBackIcon"
                focusable="false"
                viewBox="0 0 24 24"
              >
                <path
                  d="M20 11H7.83l5.59-5.59L12 4l-8 8 8 8 1.41-1.41L7.83 13H20v-2z"
                />
              </svg>
            </span>
            general.exit
          </button>
          <nav
            class="MuiTypography-root MuiTypography-body1 MuiBreadcrumbs-root css-hoccj-MuiTypography-root-MuiBreadcrumbs-root"
          >
            <ol
              class="MuiBreadcrumbs-ol css-4pdmu4-MuiBreadcrumbs-ol"
            >
              <li
                class="MuiBreadcrumbs-li"
              >
                <p
                  class="MuiTypography-root MuiTypography-body1 css-11o4oo8-MuiTypography-root"
                >
                  general.Channels
                </p>
              </li>
              <li
                aria-hidden="true"
                class="MuiBreadcrumbs-separator css-12xj74c-MuiBreadcrumbs-separator"
              >
                /
              </li>
              <li
                class="MuiBreadcrumbs-li"
              >
                <p
                  class="MuiTypography-root MuiTypography-body1 css-829s2n-MuiTypography-root"
                >
                  channelDetailPage.detail
                   
                  XPAY_03_ONUS
                </p>
              </li>
            </ol>
          </nav>
        </div>
        <div
          class="MuiGrid-root MuiGrid-container css-11jhn1e-MuiGrid-root"
        >
          <div
            class="MuiGrid-root MuiGrid-item MuiGrid-grid-xs-6 css-4b6clp-MuiGrid-root"
          >
            <div
              class="MuiGrid-root MuiGrid-container css-11lq3yg-MuiGrid-root"
            >
              <div
                class="MuiGrid-root MuiGrid-item MuiGrid-grid-xs-12 css-13e0yuj-MuiGrid-root"
              >
                <h4
                  class="MuiTypography-root MuiTypography-h4 css-tp226b-MuiTypography-root"
                >
                  XPAY_03_ONUS
                </h4>
              </div>
            </div>
            <p
              class="MuiTypography-root MuiTypography-body1 css-2qybz9-MuiTypography-root"
            >
              channelDetailPage.createdOn
               
              <span
                class="MuiTypography-root MuiTypography-body1 css-bz4jvb-MuiTypography-root"
              >
                -
              </span>
            </p>
          </div>
          <div
            class="MuiGrid-root MuiGrid-item MuiGrid-grid-xs-6 css-4b6clp-MuiGrid-root"
          >
            <div
              class="css-1yvqd4o-MuiStack-root"
            >
              <a
                class="MuiButton-root MuiButton-contained MuiButton-containedPrimary MuiButton-sizeMedium MuiButton-containedSizeMedium MuiButton-disableElevation MuiButtonBase-root  css-1ft2xoq-MuiButtonBase-root-MuiButton-root"
                href="/channels/ui/channels/XPAY_03_ONUS/edit"
                tabindex="0"
              >
                channelDetailPage.edit
                <span
                  class="MuiTouchRipple-root css-8je8zh-MuiTouchRipple-root"
                />
              </a>
            </div>
          </div>
        </div>
        <div
          class="MuiPaper-root MuiPaper-elevation MuiPaper-rounded MuiPaper-elevation8 css-14cjuns-MuiPaper-root"
        >
          <div
            class="MuiGrid-root MuiGrid-container css-gi6a6a-MuiGrid-root"
          >
            <div
              class="MuiGrid-root MuiGrid-item MuiGrid-grid-xs-3 css-1d1n3q7-MuiGrid-root"
            >
              <h6
                class="MuiTypography-root MuiTypography-subtitle2 css-yy5du4-MuiTypography-root"
              >
                channelDetailPage.state
              </h6>
            </div>
            <div
              class="MuiGrid-root MuiGrid-item MuiGrid-grid-xs-9 css-v5xaxk-MuiGrid-root"
            >
              <div
                aria-label="Status"
                class="MuiChip-root MuiChip-filled MuiChip-sizeMedium MuiChip-colorDefault MuiChip-filledDefault css-73nswd-MuiChip-root"
              >
                <span
                  class="MuiChip-label MuiChip-labelMedium css-5ke471-MuiChip-label"
                >
                  general.WrapperStatus.
                </span>
              </div>
            </div>
          </div>
          <h6
            class="MuiTypography-root MuiTypography-h6 css-6xok1n-MuiTypography-root"
          >
            channelDetailPage.channelConfiguration
          </h6>
          <hr
            class="MuiDivider-root MuiDivider-fullWidth css-110flik-MuiDivider-root"
          />
          <div
            class="MuiBox-root css-y1gt6f"
          >
            <div
              class="MuiGrid-root MuiGrid-container MuiGrid-spacing-xs-2 css-mhc70k-MuiGrid-root"
            >
              <div
                class="MuiGrid-root MuiGrid-container MuiGrid-item MuiGrid-spacing-xs-2 css-1juhaji-MuiGrid-root"
              >
                <div
                  class="MuiGrid-root MuiGrid-item MuiGrid-grid-xs-12 css-ch12pe-MuiGrid-root"
                >
                  <span
                    class="MuiTypography-root MuiTypography-sidenav css-1akoop7-MuiTypography-root"
                  >
                    channelDetailPage.registry
                  </span>
                </div>
                <div
                  class="MuiGrid-root MuiGrid-item MuiGrid-grid-xs-3 css-1d1n3q7-MuiGrid-root"
                >
                  <p
                    class="MuiTypography-root MuiTypography-body2 css-pjo5ov-MuiTypography-root"
                  >
                    channelDetailPage.pspBrokerCode
                  </p>
                </div>
                <div
                  class="MuiGrid-root MuiGrid-item MuiGrid-grid-xs-9 css-1dzwweo-MuiGrid-root"
                >
                  <p
                    class="MuiTypography-root MuiTypography-body2 css-m3lqzn-MuiTypography-root"
                  >
                    97735020584
                  </p>
                </div>
                <div
                  class="MuiGrid-root MuiGrid-item MuiGrid-grid-xs-3 css-1d1n3q7-MuiGrid-root"
                >
                  <p
                    class="MuiTypography-root MuiTypography-body2 css-pjo5ov-MuiTypography-root"
                  >
                    channelDetailPage.companyName
                  </p>
                </div>
                <div
                  class="MuiGrid-root MuiGrid-item MuiGrid-grid-xs-9 css-1dzwweo-MuiGrid-root"
                >
                  <p
                    class="MuiTypography-root MuiTypography-body2 css-m3lqzn-MuiTypography-root"
                  >
                    AgID - Agenzia per lâ€™Italia Digitale
                  </p>
                </div>
                <div
                  class="MuiGrid-root MuiGrid-item MuiGrid-grid-xs-3 css-1d1n3q7-MuiGrid-root"
                >
                  <p
                    class="MuiTypography-root MuiTypography-body2 css-pjo5ov-MuiTypography-root"
                  >
                    channelDetailPage.idChannel
                  </p>
                </div>
                <div
                  class="MuiGrid-root MuiGrid-item MuiGrid-grid-xs-9 css-1dzwweo-MuiGrid-root"
                >
                  <p
                    class="MuiTypography-root MuiTypography-body2 css-m3lqzn-MuiTypography-root"
                  >
                    XPAY_03_ONUS
                  </p>
                </div>
                <div
                  class="MuiGrid-root MuiGrid-item MuiGrid-grid-xs-12 css-x5mdt3-MuiGrid-root"
                >
                  <span
                    class="MuiTypography-root MuiTypography-sidenav css-1akoop7-MuiTypography-root"
                  >
                    channelDetailPage.target
                  </span>
                </div>
                <div
                  class="MuiGrid-root MuiGrid-item MuiGrid-grid-xs-3 css-1d1n3q7-MuiGrid-root"
                >
                  <p
                    class="MuiTypography-root MuiTypography-body2 css-pjo5ov-MuiTypography-root"
                  >
                    channelDetailPage.endPoint
                  </p>
                </div>
                <div
                  class="MuiGrid-root MuiGrid-item MuiGrid-grid-xs-6 css-4b6clp-MuiGrid-root"
                >
                  <p
                    class="MuiTypography-root MuiTypography-body2 css-m3lqzn-MuiTypography-root"
                  >
                     lab.link.it:8081/ /govpay/api/pagopa/PagamentiTelematiciCCPservice
                  </p>
                </div>
                <div
                  class="MuiGrid-root MuiGrid-item MuiGrid-grid-xs-12 css-x5mdt3-MuiGrid-root"
                >
                  <span
                    class="MuiTypography-root MuiTypography-sidenav css-1akoop7-MuiTypography-root"
                  >
                    channelDetailPage.paymentType
                  </span>
                </div>
                <div
                  class="MuiGrid-root MuiGrid-container MuiGrid-grid-xs-12 css-10tqud7-MuiGrid-root"
                >
                  <div
                    class="MuiGrid-root MuiGrid-item MuiGrid-grid-xs-3 css-159rxft-MuiGrid-root"
                  >
                    <div
                      class="MuiChip-root MuiChip-filled MuiChip-sizeMedium MuiChip-colorPrimary MuiChip-filledPrimary css-1mq2ms9-MuiChip-root"
                    >
                      <span
                        class="MuiChip-label MuiChip-labelMedium css-5ke471-MuiChip-label"
                      >
                        PPAY
                      </span>
                    </div>
                  </div>
                  <div
                    class="MuiGrid-root MuiGrid-item MuiGrid-grid-xs-3 css-1d1n3q7-MuiGrid-root"
                  >
                    <div
                      class="MuiChip-root MuiChip-filled MuiChip-sizeMedium MuiChip-colorPrimary MuiChip-filledPrimary css-1mq2ms9-MuiChip-root"
                    >
                      <span
                        class="MuiChip-label MuiChip-labelMedium css-5ke471-MuiChip-label"
                      >
                        SEPA
                      </span>
                    </div>
                  </div>
                </div>
                <div
                  class="MuiGrid-root MuiGrid-item MuiGrid-grid-xs-9 css-1dzwweo-MuiGrid-root"
                >
                  <span
                    class="MuiTypography-root MuiTypography-sidenav css-1akoop7-MuiTypography-root"
                  >
                    channelDetailPage.associatedPsp
                  </span>
                </div>
                <div
                  class="MuiGrid-root MuiGrid-item MuiGrid-grid-xs-3 css-1rjsan9-MuiGrid-root"
                >
                  <a
                    aria-disabled="true"
                    class="MuiButton-root MuiButton-naked MuiButton-nakedPrimary MuiButton-sizeMedium MuiButton-nakedSizeMedium MuiButton-disableElevation MuiButtonBase-root Mui-disabled  css-7aa0z9-MuiButtonBase-root-MuiButton-root"
                    href="/channels/ui/channels/XPAY_03_ONUS/psp-list"
                    tabindex="-1"
                  >
                    channelDetailPage.managePsp
                    <span
                      class="MuiButton-endIcon MuiButton-iconSizeMedium css-1gnd1fd-MuiButton-endIcon"
                    >
                      <svg
                        aria-hidden="true"
                        class="MuiSvgIcon-root MuiSvgIcon-fontSizeMedium css-1jxdcj3-MuiSvgIcon-root"
                        data-testid="ManageAccountsIcon"
                        focusable="false"
                        viewBox="0 0 24 24"
                      >
                        <circle
                          cx="10"
                          cy="8"
                          r="4"
                        />
                        <path
                          d="M10.67 13.02c-.22-.01-.44-.02-.67-.02-2.42 0-4.68.67-6.61 1.82-.88.52-1.39 1.5-1.39 2.53V20h9.26c-.79-1.13-1.26-2.51-1.26-4 0-1.07.25-2.07.67-2.98zM20.75 16c0-.22-.03-.42-.06-.63l1.14-1.01-1-1.73-1.45.49c-.32-.27-.68-.48-1.08-.63L18 11h-2l-.3 1.49c-.4.15-.76.36-1.08.63l-1.45-.49-1 1.73 1.14 1.01c-.03.21-.06.41-.06.63s.03.42.06.63l-1.14 1.01 1 1.73 1.45-.49c.32.27.68.48 1.08.63L16 21h2l.3-1.49c.4-.15.76-.36 1.08-.63l1.45.49 1-1.73-1.14-1.01c.03-.21.06-.41.06-.63zM17 18c-1.1 0-2-.9-2-2s.9-2 2-2 2 .9 2 2-.9 2-2 2z"
                        />
                      </svg>
                    </span>
                  </a>
                </div>
                <div
                  class="MuiGrid-root MuiGrid-item MuiGrid-grid-xs-3 css-1d1n3q7-MuiGrid-root"
                >
                  <p
                    class="MuiTypography-root MuiTypography-body2 css-pjo5ov-MuiTypography-root"
                  >
                    channelDetailPage.associated
                  </p>
                </div>
                <div
                  class="MuiGrid-root MuiGrid-item MuiGrid-grid-xs-9 css-1dzwweo-MuiGrid-root"
                >
                  <p
                    class="MuiTypography-root MuiTypography-body2 css-m3lqzn-MuiTypography-root"
                  >
                    0
                  </p>
                </div>
                <div
                  class="MuiGrid-root MuiGrid-item MuiGrid-grid-xs-12 css-x5mdt3-MuiGrid-root"
                >
                  <span
                    class="MuiTypography-root MuiTypography-sidenav css-1akoop7-MuiTypography-root"
                  >
                    channelDetailPage.changes
                  </span>
                </div>
                <div
                  class="MuiGrid-root MuiGrid-item MuiGrid-grid-xs-3 css-1d1n3q7-MuiGrid-root"
                >
                  <p
                    class="MuiTypography-root MuiTypography-body2 css-pjo5ov-MuiTypography-root"
                  >
                    channelDetailPage.lastChange
                  </p>
                </div>
                <div
                  class="MuiGrid-root MuiGrid-item MuiGrid-grid-xs-9 css-1dzwweo-MuiGrid-root"
                >
                  <p
                    class="MuiTypography-root MuiTypography-body2 css-m3lqzn-MuiTypography-root"
                  >
                    -
                  </p>
                </div>
                <div
                  class="MuiGrid-root MuiGrid-item MuiGrid-grid-xs-3 css-1d1n3q7-MuiGrid-root"
                >
                  <p
                    class="MuiTypography-root MuiTypography-body2 css-pjo5ov-MuiTypography-root"
                  >
                    channelDetailPage.operatedBy
                  </p>
                </div>
                <div
                  class="MuiGrid-root MuiGrid-item MuiGrid-grid-xs-9 css-1dzwweo-MuiGrid-root"
                >
                  <p
                    class="MuiTypography-root MuiTypography-body2 css-m3lqzn-MuiTypography-root"
                  />
                </div>
              </div>
            </div>
          </div>
        </div>
      </div>
    </div>
  </div>,
  "debug": [Function],
  "findAllByAltText": [Function],
  "findAllByDisplayValue": [Function],
  "findAllByLabelText": [Function],
  "findAllByPlaceholderText": [Function],
  "findAllByRole": [Function],
  "findAllByTestId": [Function],
  "findAllByText": [Function],
  "findAllByTitle": [Function],
  "findByAltText": [Function],
  "findByDisplayValue": [Function],
  "findByLabelText": [Function],
  "findByPlaceholderText": [Function],
  "findByRole": [Function],
  "findByTestId": [Function],
  "findByText": [Function],
  "findByTitle": [Function],
  "getAllByAltText": [Function],
  "getAllByDisplayValue": [Function],
  "getAllByLabelText": [Function],
  "getAllByPlaceholderText": [Function],
  "getAllByRole": [Function],
  "getAllByTestId": [Function],
  "getAllByText": [Function],
  "getAllByTitle": [Function],
  "getByAltText": [Function],
  "getByDisplayValue": [Function],
  "getByLabelText": [Function],
  "getByPlaceholderText": [Function],
  "getByRole": [Function],
  "getByTestId": [Function],
  "getByText": [Function],
  "getByTitle": [Function],
  "queryAllByAltText": [Function],
  "queryAllByDisplayValue": [Function],
  "queryAllByLabelText": [Function],
  "queryAllByPlaceholderText": [Function],
  "queryAllByRole": [Function],
  "queryAllByTestId": [Function],
  "queryAllByText": [Function],
  "queryAllByTitle": [Function],
  "queryByAltText": [Function],
  "queryByDisplayValue": [Function],
  "queryByLabelText": [Function],
  "queryByPlaceholderText": [Function],
  "queryByRole": [Function],
  "queryByTestId": [Function],
  "queryByText": [Function],
  "queryByTitle": [Function],
  "rerender": [Function],
  "unmount": [Function],
}
`;
